brew install mysql
brew services start mysql
mysql --version
mysql_secure_installation
mysql -u root -p


CREATE USER 'cdruser'@'localhost' IDENTIFIED BY 'Cdrpass@1234';
GRANT ALL PRIVILEGES ON adf_test_db.* TO 'cdruser'@'localhost';
FLUSH PRIVILEGES;


-- Connect to cdrdb
\c cdrdb

CREATE TABLE cdrs (
    cdr_id SERIAL PRIMARY KEY,
    call_date DATE,
    caller VARCHAR(20),
    callee VARCHAR(20),
    duration_seconds INT,
    billed_amount DECIMAL(10,2),
    rate_plan_id INT
);



INSERT INTO cdrs (call_date, caller, callee, duration_seconds, billed_amount, rate_plan_id)
VALUES 
('2025-06-24', '1234567890', '0987654321', 180, 0.50, 1),
('2025-06-24', '1234567891', '0987654322', 60, 0.20, 2),
('2025-06-24', '1234567892', '0987654323', 300, 0.90, 1),
('2025-06-24', '1234567893', '0987654324', 120, 0.40, 3);


mysql -u username -p 
mysql -u root -p   
SHOW DATABASES;
USE database_name;
SELECT DATABASE();  ...show in which db we are


vishal@vishals-Laptop ~ % sudo vi /etc/my.cnf
Password:
vishal@vishals-Laptop ~ % pwd
/Users/vishal


sudo /usr/libexec/ApplicationFirewall/socketfilterfw --add /usr/local/mysql/bin/mysqld
sudo /usr/libexec/ApplicationFirewall/socketfilterfw --unblockapp /usr/local/mysql/bin/mysqld


############################
PROVIDER A
CREATE TABLE cdrs_provider_a (
    cdr_id SERIAL PRIMARY KEY,
    call_date DATE,
    caller VARCHAR(20),
    callee VARCHAR(20),
    duration_seconds INT,
    billed_amount DECIMAL(10,2),
    rate_plan_id INT,
    provider_name VARCHAR(50)
);

sample:

INSERT INTO cdrs_provider_a (call_date, caller, callee, duration_seconds, billed_amount, rate_plan_id, provider_name)
VALUES 
('2025-06-24', '1234567890', '0987654321', 180, 0.50, 1, 'Provider A'),
('2025-06-24', '1234567891', '0987654322', 60, 0.20, 2, 'Provider A'),
('2025-06-24', '1234567892', '0987654323', 300, 0.90, 1, 'Provider A'),
('2025-06-24', '1234567893', '0987654324', 120, 0.40, 3, 'Provider A');

Provider B
CREATE TABLE cdrs_provider_b (
    cdr_id INT PRIMARY KEY,
    call_date DATE,
    duration_seconds INT,
    expected_amount DECIMAL(10,2),
    rate_plan_id INT,
    provider_name VARCHAR(50)
);

sample
INSERT INTO cdrs_provider_b (cdr_id, call_date, duration_seconds, expected_amount, rate_plan_id, provider_name)
VALUES 
(1, '2025-06-24', 180, 0.50, 1, 'Provider B'),
(2, '2025-06-24', 60, 0.25, 2, 'Provider B'),   -- Dispute: amount mismatch
(3, '2025-06-24', 300, 0.90, 1, 'Provider B'),
(4, '2025-06-24', 120, 0.45, 3, 'Provider B');  -- Dispute: amount mismatch

INSERT INTO cdrs_provider_b (cdr_id, call_date, duration_seconds, expected_amount, rate_plan_id, provider_name)
VALUES 
(1, '2025-06-24', 180, 0.50, 1, 'Provider B'),
(2, '2025-06-24', 60, 0.25, 2, 'Provider B'),   
(3, '2025-06-24', 300, 0.90, 1, 'Provider B'),
(4, '2025-06-24', 120, 0.45, 3, 'Provider B');  

dispute-query
SELECT 
    a.cdr_id,
    a.call_date,
    a.caller,
    a.callee,
    a.duration_seconds,
    a.billed_amount,
    b.expected_amount,
    CASE 
        WHEN a.billed_amount != b.expected_amount THEN 'Dispute'
        ELSE 'Match'
    END AS status
FROM cdrs_provider_a a
JOIN cdrs_provider_b b ON a.cdr_id = b.cdr_id;


history:

mysql> CREATE TABLE cdrs_provider_a (
    ->     cdr_id SERIAL PRIMARY KEY,
    ->     call_date DATE,
    ->     caller VARCHAR(20),
    ->     callee VARCHAR(20),
    ->     duration_seconds INT,
    ->     billed_amount DECIMAL(10,2),
    ->     rate_plan_id INT,
    ->     provider_name VARCHAR(50)
    -> );
ERROR 1046 (3D000): No database selected
mysql> show databases
    -> show databases;
ERROR 1064 (42000): You have an error in your SQL syntax; check the manual that corresponds to your MySQL server version for the right syntax to use near 'show databases' at line 2
mysql> show DATABASES;
+--------------------+
| Database           |
+--------------------+
| adf_test_db        |
| information_schema |
| mysql              |
| performance_schema |
| sys                |
+--------------------+
5 rows in set (0.017 sec)

mysql> USE USE database_name;
ERROR 1049 (42000): Unknown database 'use'
mysql> USE adf_test_db;
Database changed
mysql> SELECT DATABASE();
+-------------+
| DATABASE()  |
+-------------+
| adf_test_db |
+-------------+
1 row in set (0.001 sec)

mysql> CREATE TABLE cdrs_provider_a (
    ->     cdr_id SERIAL PRIMARY KEY,
    ->     call_date DATE,
    ->     caller VARCHAR(20),
    ->     callee VARCHAR(20),
    ->     duration_seconds INT,
    ->     billed_amount DECIMAL(10,2),
    ->     rate_plan_id INT,
    ->     provider_name VARCHAR(50)
    -> );
Query OK, 0 rows affected (0.028 sec)

mysql> INSERT INTO cdrs_provider_a (call_date, caller, callee, duration_seconds, billed_amount, rate_plan_id, provider_name)
    -> VALUES 
    -> ('2025-06-24', '1234567890', '0987654321', 180, 0.50, 1, 'Provider A'),
    -> ('2025-06-24', '1234567891', '0987654322', 60, 0.20, 2, 'Provider A'),
    -> ('2025-06-24', '1234567892', '0987654323', 300, 0.90, 1, 'Provider A'),
    -> ('2025-06-24', '1234567893', '0987654324', 120, 0.40, 3, 'Provider A');
Query OK, 4 rows affected (0.011 sec)
Records: 4  Duplicates: 0  Warnings: 0

mysql> CREATE TABLE cdrs_provider_b (
    ->     cdr_id INT PRIMARY KEY,
    ->     call_date DATE,
    ->     duration_seconds INT,
    ->     expected_amount DECIMAL(10,2),
    ->     rate_plan_id INT,
    ->     provider_name VARCHAR(50)
    -> );
Query OK, 0 rows affected (0.015 sec)

mysql> INSERT INTO cdrs_provider_b (cdr_id, call_date, duration_seconds, expected_amount, rate_plan_id, provider_name)
    -> VALUES 
    -> (1, '2025-06-24', 180, 0.50, 1, 'Provider B'),
    -> (2, '2025-06-24', 60, 0.25, 2, 'Provider B'),   
    -> (3, '2025-06-24', 300, 0.90, 1, 'Provider B'),
    -> (4, '2025-06-24', 120, 0.45, 3, 'Provider B'); 
Query OK, 4 rows affected (0.029 sec)
Records: 4  Duplicates: 0  Warnings: 0

mysql> SHOW TABLES
    -> SHOW TABLES;
ERROR 1064 (42000): You have an error in your SQL syntax; check the manual that corresponds to your MySQL server version for the right syntax to use near 'SHOW TABLES' at line 2
mysql> SHOW TABLES SHOW TABLES;
ERROR 1064 (42000): You have an error in your SQL syntax; check the manual that corresponds to your MySQL server version for the right syntax to use near 'SHOW TABLES' at line 1
mysql> SHOW TABLES 
    -> 
    -> 
    -> SHOW TABLES;
ERROR 1064 (42000): You have an error in your SQL syntax; check the manual that corresponds to your MySQL server version for the right syntax to use near 'SHOW TABLES' at line 4
mysql> SHOW TABLES;  
+-----------------------+
| Tables_in_adf_test_db |
+-----------------------+
| cdrs_provider_a       |
| cdrs_provider_b       |
+-----------------------+
2 rows in set (0.004 sec)

mysql> SELECT 
    ->     a.cdr_id,
    ->     a.call_date,
    ->     a.caller,
    ->     a.callee,
    ->     a.duration_seconds,
    ->     a.billed_amount,
    ->     b.expected_amount,
    ->     CASE 
    ->         WHEN a.billed_amount != b.expected_amount THEN 'Dispute'
    ->         ELSE 'Match'
    ->     END AS status
    -> FROM cdrs_provider_a a
    -> JOIN cdrs_provider_b b ON a.cdr_id = b.cdr_id;
+--------+------------+------------+------------+------------------+---------------+-----------------+---------+
| cdr_id | call_date  | caller     | callee     | duration_seconds | billed_amount | expected_amount | status  |
+--------+------------+------------+------------+------------------+---------------+-----------------+---------+
|      1 | 2025-06-24 | 1234567890 | 0987654321 |              180 |          0.50 |            0.50 | Match   |
|      2 | 2025-06-24 | 1234567891 | 0987654322 |               60 |          0.20 |            0.25 | Dispute |
|      3 | 2025-06-24 | 1234567892 | 0987654323 |              300 |          0.90 |            0.90 | Match   |
|      4 | 2025-06-24 | 1234567893 | 0987654324 |              120 |          0.40 |            0.45 | Dispute |
+--------+------------+------------+------------+------------------+---------------+-----------------+---------+
4 rows in set (0.002 sec)

mysql> 




